// Jest Snapshot v1, https://goo.gl/fbAQLP

exports[`Blog page Snapshot 1`] = `
<div
  className="mx-auto max-w-6xl bg-white py-4 px-12 shadow-xl mb-24"
>
  <Head>
    <title>
       
      Mobile
       | Blog
    </title>
  </Head>
  <Memo(CategoryTitle)
    category="mobile"
  />
  <div
    className="container max-w-6xl mx-auto md:flex items-start py-8 md:px-0"
  >
    <Memo(Articles)
      data={
        Array [
          Object {
            "author": "author 1",
            "category": "internet",
            "content": "Lorem ipsum dolor sit amet, consectetur adipiscing elit, sed do eiusmod tempor incididunt ut labore et dolore magna Lorem ipsum dolor sit amet, consectetur adipiscing elit, sed do eiusmod tempor incididunt ut labore et dolore magna aliqua. Ut enim ad minim veniam, quis nostrud exercitation ullamco laboris nisi ut aliquip ex ea commodo consequat. Duis aute irure dolor in reprehenderit in voluptate velit esse cillum dolore eu fugiat nulla pariatur. Excepteur sint occaecat cupidatat non proident, sunt in culpa qui officia deserunt mollit anim id est laborum. Ut enim ad minim veniam, quis nostrud exercitation ullamco laboris nisi ut aliquip ex ea commodo consequat. Duis aute irure dolor in reprehenderit in voluptate velit esse cillum dolore eu fugiat nulla pariatur. Excepteur sint occaecat cupidatat non proident, sunt in culpa qui officia deserunt mollit anim id est laborum.1",
            "createdAt": "2021-03-01T12:59:16.855Z",
            "id": "1",
            "image": "https://genk.mediacdn.vn/139269124445442048/2021/3/2/photo-1-16146533712881100681556.jpg",
            "slug": "slug 1",
            "title": "Lorem ipsum dolor sit amet, consectetur adipisicing elit",
            "view": 90,
          },
          Object {
            "author": "author 1",
            "category": "internet",
            "content": "Lorem ipsum dolor sit amet, consectetur adipiscing elit, sed do eiusmod tempor incididunt ut labore et dolore magna Lorem ipsum dolor sit amet, consectetur adipiscing elit, sed do eiusmod tempor incididunt ut labore et dolore magna aliqua. Ut enim ad minim veniam, quis nostrud exercitation ullamco laboris nisi ut aliquip ex ea commodo consequat. Duis aute irure dolor in reprehenderit in voluptate velit esse cillum dolore eu fugiat nulla pariatur. Excepteur sint occaecat cupidatat non proident, sunt in culpa qui officia deserunt mollit anim id est laborum. Ut enim ad minim veniam, quis nostrud exercitation ullamco laboris nisi ut aliquip ex ea commodo consequat. Duis aute irure dolor in reprehenderit in voluptate velit esse cillum dolore eu fugiat nulla pariatur. Excepteur sint occaecat cupidatat non proident, sunt in culpa qui officia deserunt mollit anim id est laborum.1",
            "createdAt": "2021-03-01T12:59:16.855Z",
            "id": "2",
            "image": "https://genk.mediacdn.vn/139269124445442048/2021/3/2/photo-1-16146533712881100681556.jpg",
            "slug": "slug 1",
            "title": "Lorem ipsum dolor sit amet, consectetur adipisicing elit",
            "view": 90,
          },
        ]
      }
    />
    <Memo(CategoriesWidget)
      data={
        Array [
          Object {
            "id": "1",
            "image": "https://images.prismic.io/nextjsexample/7853f863-6a12-4312-a6da-f930437f6d62_mobile.png",
            "name": "mobile",
          },
          Object {
            "id": "2",
            "image": "https://images.prismic.io/nextjsexample/cb71ce70-bb03-442b-99e8-a318255b81f3_3579187.png",
            "name": "internet",
          },
        ]
      }
    />
  </div>
</div>
`;
