// Jest Snapshot v1, https://goo.gl/fbAQLP

exports[`Home page Snapshot 1`] = `
<Fragment>
  <Head>
    <title>
      Home
    </title>
  </Head>
  <Memo(Introduce) />
  <Memo(Featured)
    featuredPosts={Array []}
  />
  <Memo(Categories)
    data={Array []}
  />
</Fragment>
`;
