// Jest Snapshot v1, https://goo.gl/fbAQLP

exports[`Articles Snapshot 1`] = `
<div
  className="w-full md:pr-12 mb-12"
/>
`;
